<?xml version="1.0" encoding="utf-8"?><testsuites name="pytest tests"><testsuite name="pytest" errors="1" failures="0" skipped="0" tests="1" time="0.139" timestamp="2025-06-29T15:16:12.271858-07:00" hostname="DESKTOP-91C0JQ8"><testcase classname="" name="tests.test_api_main" time="0.000"><error message="collection failure">venv\Lib\site-packages\starlette\testclient.py:30: in &lt;module&gt;
    import httpx
E   ModuleNotFoundError: No module named 'httpx'

During handling of the above exception, another exception occurred:
tests\test_api_main.py:7: in &lt;module&gt;
    from fastapi.testclient import TestClient
venv\Lib\site-packages\fastapi\testclient.py:1: in &lt;module&gt;
    from starlette.testclient import TestClient as TestClient  # noqa
    ^^^^^^^^^^^^^^^^^^^^^^^^^^^^^^^^^^^^^^^^^^^^^^^^^^^^^^^^^
venv\Lib\site-packages\starlette\testclient.py:32: in &lt;module&gt;
    raise RuntimeError(
E   RuntimeError: The starlette.testclient module requires the httpx package to be installed.
E   You can install this with:
E       $ pip install httpx</error></testcase></testsuite></testsuites>